[     135ms] [LOG] [Fast Refresh] rebuilding @ http://localhost:3002/_next/static/chunks/node_modules_next_dist_115brz8._.js:2477
[     222ms] [LOG] [Fast Refresh] done in 193ms @ http://localhost:3002/_next/static/chunks/node_modules_next_dist_115brz8._.js:2477
[     582ms] [INFO] %cDownload the React DevTools for a better development experience: https://react.dev/link/react-devtools font-weight:bold @ http://localhost:3002/_next/static/chunks/node_modules_next_dist_115brz8._.js:2477
[     670ms] [LOG] [HMR] connected @ http://localhost:3002/_next/static/chunks/node_modules_next_dist_115brz8._.js:2477
[    1008ms] [WARNING] Error while trying to use the following icon from the Manifest: http://localhost:3002/icon-192.png (Resource size is not correct - typo in the Manifest?) @ http://localhost:3002/orders/new:0
[    1322ms] [LOG] [Fast Refresh] rebuilding @ http://localhost:3002/_next/static/chunks/node_modules_next_dist_115brz8._.js:2477
[    1329ms] [LOG] [Fast Refresh] done in 283ms @ http://localhost:3002/_next/static/chunks/node_modules_next_dist_115brz8._.js:2477
[   52071ms] [LOG] [Fast Refresh] rebuilding @ http://localhost:3002/_next/static/chunks/node_modules_next_dist_115brz8._.js:2477
[   52279ms] [LOG] [Fast Refresh] done in 319ms @ http://localhost:3002/_next/static/chunks/node_modules_next_dist_115brz8._.js:2477
[   52567ms] [WARNING] Detected `scroll-behavior: smooth` on the `<html>` element. To disable smooth scrolling during route transitions, add `data-scroll-behavior="smooth"` to your <html> element. Learn more: https://nextjs.org/docs/messages/missing-data-scroll-behavior @ http://localhost:3002/_next/static/chunks/node_modules_next_dist_115brz8._.js:2477
[   52692ms] [WARNING] Error while trying to use the following icon from the Manifest: http://localhost:3002/icon-192.png (Resource size is not correct - typo in the Manifest?) @ http://localhost:3002/orders/9037cafb-5891-42b5-9ffa-bf674032960a:0
[  118313ms] [LOG] [Fast Refresh] rebuilding @ http://localhost:3002/_next/static/chunks/node_modules_next_dist_115brz8._.js:2477
[  118696ms] [WARNING] Error while trying to use the following icon from the Manifest: http://localhost:3002/icon-192.png (Resource size is not correct - typo in the Manifest?) @ http://localhost:3002/:0
[  119988ms] [LOG] [Fast Refresh] done in 1824ms @ http://localhost:3002/_next/static/chunks/node_modules_next_dist_115brz8._.js:2477
[  120174ms] [LOG] [Fast Refresh] rebuilding @ http://localhost:3002/_next/static/chunks/node_modules_next_dist_115brz8._.js:2477
[  120191ms] [LOG] [Fast Refresh] done in 121ms @ http://localhost:3002/_next/static/chunks/node_modules_next_dist_115brz8._.js:2477
[  121381ms] [LOG] [Fast Refresh] rebuilding @ http://localhost:3002/_next/static/chunks/node_modules_next_dist_115brz8._.js:2477
[  121406ms] [LOG] [Fast Refresh] done in 141ms @ http://localhost:3002/_next/static/chunks/node_modules_next_dist_115brz8._.js:2477
[  121545ms] [LOG] [Fast Refresh] rebuilding @ http://localhost:3002/_next/static/chunks/node_modules_next_dist_115brz8._.js:2477
[  121741ms] [LOG] [Fast Refresh] done in 303ms @ http://localhost:3002/_next/static/chunks/node_modules_next_dist_115brz8._.js:2477
[  122016ms] [WARNING] Error while trying to use the following icon from the Manifest: http://localhost:3002/icon-192.png (Resource size is not correct - typo in the Manifest?) @ http://localhost:3002/orders:0
[  123035ms] [WARNING] Error while trying to use the following icon from the Manifest: http://localhost:3002/icon-192.png (Resource size is not correct - typo in the Manifest?) @ http://localhost:3002/movements:0
[  124865ms] [WARNING] Error while trying to use the following icon from the Manifest: http://localhost:3002/icon-192.png (Resource size is not correct - typo in the Manifest?) @ http://localhost:3002/contacts:0
[  131637ms] [WARNING] Error while trying to use the following icon from the Manifest: http://localhost:3002/icon-192.png (Resource size is not correct - typo in the Manifest?) @ http://localhost:3002/services:0
[  143836ms] [WARNING] Error while trying to use the following icon from the Manifest: http://localhost:3002/icon-192.png (Resource size is not correct - typo in the Manifest?) @ http://localhost:3002/contacts:0
[  144937ms] [WARNING] Error while trying to use the following icon from the Manifest: http://localhost:3002/icon-192.png (Resource size is not correct - typo in the Manifest?) @ http://localhost:3002/movements:0
[  146613ms] [WARNING] Error while trying to use the following icon from the Manifest: http://localhost:3002/icon-192.png (Resource size is not correct - typo in the Manifest?) @ http://localhost:3002/orders:0
[  147412ms] [WARNING] Error while trying to use the following icon from the Manifest: http://localhost:3002/icon-192.png (Resource size is not correct - typo in the Manifest?) @ http://localhost:3002/:0
[  154515ms] [WARNING] Error while trying to use the following icon from the Manifest: http://localhost:3002/icon-192.png (Resource size is not correct - typo in the Manifest?) @ http://localhost:3002/orders/new:0
[  155795ms] [WARNING] Error while trying to use the following icon from the Manifest: http://localhost:3002/icon-192.png (Resource size is not correct - typo in the Manifest?) @ http://localhost:3002/orders:0
[  157606ms] [WARNING] Error while trying to use the following icon from the Manifest: http://localhost:3002/icon-192.png (Resource size is not correct - typo in the Manifest?) @ http://localhost:3002/:0
[  158923ms] [LOG] [Fast Refresh] rebuilding @ http://localhost:3002/_next/static/chunks/node_modules_next_dist_115brz8._.js:2477
[  166263ms] [LOG] [Fast Refresh] done in 7453ms @ http://localhost:3002/_next/static/chunks/node_modules_next_dist_115brz8._.js:2477
[  166659ms] [LOG] [Fast Refresh] rebuilding @ http://localhost:3002/_next/static/chunks/node_modules_next_dist_115brz8._.js:2477
[  167298ms] [LOG] [Fast Refresh] done in 769ms @ http://localhost:3002/_next/static/chunks/node_modules_next_dist_115brz8._.js:2477
[  167583ms] [LOG] [Fast Refresh] rebuilding @ http://localhost:3002/_next/static/chunks/node_modules_next_dist_115brz8._.js:2477
[  167841ms] [LOG] [Fast Refresh] done in 366ms @ http://localhost:3002/_next/static/chunks/node_modules_next_dist_115brz8._.js:2477
[  168278ms] [WARNING] Error while trying to use the following icon from the Manifest: http://localhost:3002/icon-192.png (Resource size is not correct - typo in the Manifest?) @ http://localhost:3002/orders:0
[  168343ms] [WARNING] Error while trying to use the following icon from the Manifest: http://localhost:3002/icon-192.png (Resource size is not correct - typo in the Manifest?) @ http://localhost:3002/orders:0
[  169522ms] [WARNING] Error while trying to use the following icon from the Manifest: http://localhost:3002/icon-192.png (Resource size is not correct - typo in the Manifest?) @ http://localhost:3002/movements:0
[  170126ms] [WARNING] Error while trying to use the following icon from the Manifest: http://localhost:3002/icon-192.png (Resource size is not correct - typo in the Manifest?) @ http://localhost:3002/contacts:0
[  170813ms] [WARNING] Error while trying to use the following icon from the Manifest: http://localhost:3002/icon-192.png (Resource size is not correct - typo in the Manifest?) @ http://localhost:3002/services:0
[  171765ms] [WARNING] Error while trying to use the following icon from the Manifest: http://localhost:3002/icon-192.png (Resource size is not correct - typo in the Manifest?) @ http://localhost:3002/contacts:0
[  172552ms] [WARNING] Error while trying to use the following icon from the Manifest: http://localhost:3002/icon-192.png (Resource size is not correct - typo in the Manifest?) @ http://localhost:3002/movements:0
[  173211ms] [WARNING] Error while trying to use the following icon from the Manifest: http://localhost:3002/icon-192.png (Resource size is not correct - typo in the Manifest?) @ http://localhost:3002/orders:0
[  176967ms] [WARNING] Error while trying to use the following icon from the Manifest: http://localhost:3002/icon-192.png (Resource size is not correct - typo in the Manifest?) @ http://localhost:3002/services:0
[  178568ms] [WARNING] Error while trying to use the following icon from the Manifest: http://localhost:3002/icon-192.png (Resource size is not correct - typo in the Manifest?) @ http://localhost:3002/contacts:0
[  179794ms] [WARNING] Error while trying to use the following icon from the Manifest: http://localhost:3002/icon-192.png (Resource size is not correct - typo in the Manifest?) @ http://localhost:3002/services:0
[  190095ms] [WARNING] Error while trying to use the following icon from the Manifest: http://localhost:3002/icon-192.png (Resource size is not correct - typo in the Manifest?) @ http://localhost:3002/contacts:0
[  192494ms] [LOG] [Fast Refresh] rebuilding @ http://localhost:3002/_next/static/chunks/node_modules_next_dist_115brz8._.js:2477
[  192505ms] [LOG] [Fast Refresh] done in 116ms @ http://localhost:3002/_next/static/chunks/node_modules_next_dist_115brz8._.js:2477
[  192744ms] [LOG] [Fast Refresh] rebuilding @ http://localhost:3002/_next/static/chunks/node_modules_next_dist_115brz8._.js:2477
[  192798ms] [LOG] [Fast Refresh] done in 161ms @ http://localhost:3002/_next/static/chunks/node_modules_next_dist_115brz8._.js:2477
[  193063ms] [LOG] [Fast Refresh] rebuilding @ http://localhost:3002/_next/static/chunks/node_modules_next_dist_115brz8._.js:2477
[  193278ms] [LOG] [Fast Refresh] done in 357ms @ http://localhost:3002/_next/static/chunks/node_modules_next_dist_115brz8._.js:2477
[  193387ms] [WARNING] Error while trying to use the following icon from the Manifest: http://localhost:3002/icon-192.png (Resource size is not correct - typo in the Manifest?) @ http://localhost:3002/services:0
[  194381ms] [WARNING] Error while trying to use the following icon from the Manifest: http://localhost:3002/icon-192.png (Resource size is not correct - typo in the Manifest?) @ http://localhost:3002/contacts:0
[  195425ms] [WARNING] Error while trying to use the following icon from the Manifest: http://localhost:3002/icon-192.png (Resource size is not correct - typo in the Manifest?) @ http://localhost:3002/movements:0
[  196225ms] [WARNING] Error while trying to use the following icon from the Manifest: http://localhost:3002/icon-192.png (Resource size is not correct - typo in the Manifest?) @ http://localhost:3002/orders:0
[  204364ms] [LOG] [Fast Refresh] rebuilding @ http://localhost:3002/_next/static/chunks/node_modules_next_dist_115brz8._.js:2477
[  205619ms] [LOG] [Fast Refresh] done in 1368ms @ http://localhost:3002/_next/static/chunks/node_modules_next_dist_115brz8._.js:2477
[  205835ms] [LOG] [Fast Refresh] rebuilding @ http://localhost:3002/_next/static/chunks/node_modules_next_dist_115brz8._.js:2477
[  206582ms] [LOG] [Fast Refresh] done in 851ms @ http://localhost:3002/_next/static/chunks/node_modules_next_dist_115brz8._.js:2477
[  207590ms] [LOG] [Fast Refresh] rebuilding @ http://localhost:3002/_next/static/chunks/node_modules_next_dist_115brz8._.js:2477
[  208418ms] [LOG] [Fast Refresh] done in 935ms @ http://localhost:3002/_next/static/chunks/node_modules_next_dist_115brz8._.js:2477
[  208561ms] [LOG] [Fast Refresh] rebuilding @ http://localhost:3002/_next/static/chunks/node_modules_next_dist_115brz8._.js:2477
[  208948ms] [LOG] [Fast Refresh] done in 497ms @ http://localhost:3002/_next/static/chunks/node_modules_next_dist_115brz8._.js:2477
[  209285ms] [LOG] [Fast Refresh] rebuilding @ http://localhost:3002/_next/static/chunks/node_modules_next_dist_115brz8._.js:2477
[  209321ms] [WARNING] Error while trying to use the following icon from the Manifest: http://localhost:3002/icon-192.png (Resource size is not correct - typo in the Manifest?) @ http://localhost:3002/:0
[  209595ms] [LOG] [Fast Refresh] done in 432ms @ http://localhost:3002/_next/static/chunks/node_modules_next_dist_115brz8._.js:2477
[  209701ms] [LOG] [Fast Refresh] rebuilding @ http://localhost:3002/_next/static/chunks/node_modules_next_dist_115brz8._.js:2477
[  209813ms] [LOG] [Fast Refresh] done in 214ms @ http://localhost:3002/_next/static/chunks/node_modules_next_dist_115brz8._.js:2477
[  210149ms] [WARNING] Error while trying to use the following icon from the Manifest: http://localhost:3002/icon-192.png (Resource size is not correct - typo in the Manifest?) @ http://localhost:3002/services:0
[  230184ms] [WARNING] Error while trying to use the following icon from the Manifest: http://localhost:3002/icon-192.png (Resource size is not correct - typo in the Manifest?) @ http://localhost:3002/contacts:0
[  231513ms] [WARNING] Error while trying to use the following icon from the Manifest: http://localhost:3002/icon-192.png (Resource size is not correct - typo in the Manifest?) @ http://localhost:3002/movements:0
[  232486ms] [LOG] [Fast Refresh] rebuilding @ http://localhost:3002/_next/static/chunks/node_modules_next_dist_115brz8._.js:2477
[  232497ms] [LOG] [Fast Refresh] done in 115ms @ http://localhost:3002/_next/static/chunks/node_modules_next_dist_115brz8._.js:2477
[  232724ms] [LOG] [Fast Refresh] rebuilding @ http://localhost:3002/_next/static/chunks/node_modules_next_dist_115brz8._.js:2477
[  232756ms] [LOG] [Fast Refresh] done in 137ms @ http://localhost:3002/_next/static/chunks/node_modules_next_dist_115brz8._.js:2477
[  232997ms] [WARNING] Error while trying to use the following icon from the Manifest: http://localhost:3002/icon-192.png (Resource size is not correct - typo in the Manifest?) @ http://localhost:3002/orders:0
[  387862ms] [WARNING] Error while trying to use the following icon from the Manifest: http://localhost:3002/icon-192.png (Resource size is not correct - typo in the Manifest?) @ http://localhost:3002/movements:0
[  389027ms] [WARNING] Error while trying to use the following icon from the Manifest: http://localhost:3002/icon-192.png (Resource size is not correct - typo in the Manifest?) @ http://localhost:3002/contacts:0
[  390086ms] [LOG] [Fast Refresh] rebuilding @ http://localhost:3002/_next/static/chunks/node_modules_next_dist_115brz8._.js:2477
[  390111ms] [LOG] [Fast Refresh] done in 127ms @ http://localhost:3002/_next/static/chunks/node_modules_next_dist_115brz8._.js:2477
[  390389ms] [WARNING] Error while trying to use the following icon from the Manifest: http://localhost:3002/icon-192.png (Resource size is not correct - typo in the Manifest?) @ http://localhost:3002/services:0
[  391544ms] [WARNING] Error while trying to use the following icon from the Manifest: http://localhost:3002/icon-192.png (Resource size is not correct - typo in the Manifest?) @ http://localhost:3002/contacts:0
